2026-09-09 22:15:33 [INFO] Starting backup for anurag06chavan@gmail.com (1 folder(s), last 7 day(s))
2026-09-09 22:15:34 [INFO] Selecting folder: INBOX
2026-09-09 22:15:35 [INFO] Found 12 message(s) in 'INBOX' to back up.
2026-09-09 22:15:36 [INFO] [INBOX] Saved: 2026-09-08_T1 messi is goat_uid-1.eml
2026-09-09 22:15:37 [INFO] [INBOX] Saved: 2026-09-08_Attachment test_uid-2.eml
2026-09-09 22:15:37 [INFO] [INBOX] Saved: 2026-09-08_T3 Muscle Mind connection_uid-3.eml
2026-09-09 22:15:38 [INFO] [INBOX] Saved: 2026-09-08_T4 Different mail_uid-4.eml
2026-09-09 22:15:38 [INFO] [INBOX] Saved: 2026-09-08_T5 ismdgslshslakl_uid-5.eml
2026-09-09 22:15:38 [INFO] [INBOX] Saved: 2026-09-08_Security alert_uid-6.eml
2026-09-09 22:15:39 [INFO] [INBOX] Saved: 2026-09-08_Security alert_uid-7.eml
2026-09-09 22:15:39 [INFO] [INBOX] Saved: 2026-09-08_Security alert_uid-8.eml
2026-09-09 22:15:40 [INFO] [INBOX] Saved: 2026-09-08_2-Step Verification turned on_uid-9.eml
2026-09-09 22:15:40 [INFO] [INBOX] Saved: 2026-09-08__ Anurag_ finish setting up your new Google Account on your _uid-10.eml
2026-09-09 22:15:41 [INFO] [INBOX] Saved: 2026-09-08_Security alert_uid-11.eml
2026-09-09 22:16:04 [INFO] [INBOX] Saved: 2026-09-09_T6 pdf_uid-12.eml
2026-09-09 22:16:05 [INFO] Backup completed. Saved: 12, Failed: 0
2026-09-11 15:05:47 [INFO] Starting incremental backup for anurag06chavan@gmail.com (1 folder(s), first-run window: last 7 day(s))
2026-09-11 15:05:48 [INFO] Selecting folder (read-only): INBOX
2026-09-11 15:05:49 [INFO] No previous state for 'INBOX'. First-time backup of the last 7 day(s).
2026-09-11 15:05:50 [INFO] Found 12 message(s) to back up in 'INBOX'.
2026-09-11 15:05:51 [INFO] [INBOX] Saved: 2026-09-08_T1 messi is goat_uid-1_v1.eml
2026-09-11 15:05:52 [INFO] [INBOX] Saved: 2026-09-08_Attachment test_uid-2_v1.eml
2026-09-11 15:05:52 [INFO] [INBOX] Saved: 2026-09-08_T3 Muscle Mind connection_uid-3_v1.eml
2026-09-11 15:05:53 [INFO] [INBOX] Saved: 2026-09-08_T4 Different mail_uid-4_v1.eml
2026-09-11 15:05:54 [INFO] [INBOX] Saved: 2026-09-08_T5 ismdgslshslakl_uid-5_v1.eml
2026-09-11 15:05:54 [INFO] [INBOX] Saved: 2026-09-08_Security alert_uid-6_v1.eml
2026-09-11 15:05:55 [INFO] [INBOX] Saved: 2026-09-08_Security alert_uid-7_v1.eml
2026-09-11 15:05:56 [INFO] [INBOX] Saved: 2026-09-08_Security alert_uid-8_v1.eml
2026-09-11 15:05:57 [INFO] [INBOX] Saved: 2026-09-08_2-Step Verification turned on_uid-9_v1.eml
2026-09-11 15:05:58 [INFO] [INBOX] Saved: 2026-09-08__ Anurag_ finish setting up your new Google Account on your _uid-10_v1.eml
2026-09-11 15:05:59 [INFO] [INBOX] Saved: 2026-09-08_Security alert_uid-11_v1.eml
2026-09-11 15:06:25 [INFO] [INBOX] Saved: 2026-09-09_T6 pdf_uid-12_v1.eml
2026-09-11 15:06:26 [INFO] Backup completed. Saved: 12, Failed: 0
2026-09-11 15:06:30 [INFO] Starting incremental backup for anurag06chavan@gmail.com (1 folder(s), first-run window: last 7 day(s))
2026-09-11 15:06:31 [INFO] Selecting folder (read-only): INBOX
2026-09-11 15:06:32 [INFO] Incremental backup for 'INBOX' -- fetching UIDs greater than 12.
2026-09-11 15:06:32 [INFO] No new messages in 'INBOX'.
2026-09-11 15:06:33 [INFO] Backup completed. Saved: 0, Failed: 0
2026-09-15 15:02:38 [INFO] Starting incremental backup for anurag06chavan@gmail.com (1 folder(s)). First-run policy: ALL messages.
2026-09-15 15:02:40 [INFO] Selecting folder (read-only): INBOX
2026-09-15 15:02:41 [INFO] Incremental scan for 'INBOX' -- fetching UIDs greater than 12.
2026-09-15 15:02:41 [INFO] No new messages in 'INBOX'.
2026-09-15 15:02:42 [INFO] Backup completed. Saved: 0, Failed: 0
2026-09-15 15:03:05 [INFO] Starting incremental backup for anurag06chavan@gmail.com (1 folder(s)). First-run policy: ALL messages.
2026-09-15 15:03:07 [INFO] Selecting folder (read-only): INBOX
2026-09-15 15:03:07 [INFO] Incremental scan for 'INBOX' -- fetching UIDs greater than 12.
2026-09-15 15:03:08 [INFO] No new messages in 'INBOX'.
2026-09-15 15:03:09 [INFO] Backup completed. Saved: 0, Failed: 0
2026-09-15 15:03:20 [INFO] Starting incremental backup for anurag06chavan@gmail.com (1 folder(s)). First-run policy: ALL messages.
2026-09-15 15:03:22 [INFO] Selecting folder (read-only): INBOX
2026-09-15 15:03:22 [INFO] Incremental scan for 'INBOX' -- fetching UIDs greater than 12.
2026-09-15 15:03:22 [INFO] No new messages in 'INBOX'.
2026-09-15 15:03:23 [INFO] Backup completed. Saved: 0, Failed: 0
2026-09-15 15:05:48 [INFO] Starting incremental backup for anurag06chavan@gmail.com (1 folder(s)). First-run policy: ALL messages.
2026-09-15 15:05:50 [INFO] Selecting folder (read-only): INBOX
2026-09-15 15:05:51 [INFO] Incremental scan for 'INBOX' -- fetching UIDs greater than 12.
2026-09-15 15:05:51 [INFO] Found 1 new message(s) to back up in 'INBOX'.
2026-09-15 15:05:52 [INFO] [INBOX] Saved: 2026-09-15_T7 Final Run _Hope so__uid-13.eml (attempt 1)
2026-09-15 15:05:53 [INFO] Backup completed. Saved: 1, Failed: 0
2026-09-21 15:43:38 [INFO] Starting incremental backup for anurag06chavan@gmail.com (1 folder(s)). First-run policy: ALL messages.
2026-09-21 15:43:39 [INFO] Selecting folder (read-only): INBOX
2026-09-21 15:43:40 [INFO] Incremental scan for 'INBOX' -- fetching UIDs greater than 13.
2026-09-21 15:43:40 [INFO] Found 1 new message(s) to back up in 'INBOX'.
2026-09-21 15:43:41 [INFO] [INBOX] Saved: 2026-09-21_T8 dashboard run_uid-14.eml (attempt 1)
2026-09-21 15:43:41 [INFO] Backup completed. Saved: 1, Failed: 0
2026-09-21 15:44:41 [INFO] Starting incremental backup for anurag06chavan@gmail.com (1 folder(s)). First-run policy: ALL messages.
2026-09-21 15:44:43 [INFO] Selecting folder (read-only): INBOX
2026-09-21 15:44:44 [INFO] Incremental scan for 'INBOX' -- fetching UIDs greater than 14.
2026-09-21 15:44:44 [INFO] No new messages in 'INBOX'.
2026-09-21 15:44:45 [INFO] Backup completed. Saved: 0, Failed: 0
2026-09-21 16:20:41 [INFO] Starting incremental backup for anurag06chavan@gmail.com (1 folder(s)). First-run policy: ALL messages.
2026-09-21 16:20:43 [INFO] Selecting folder (read-only): INBOX
2026-09-21 16:20:43 [INFO] Incremental scan for 'INBOX' -- fetching UIDs greater than 14.
2026-09-21 16:20:43 [INFO] No new messages in 'INBOX'.
2026-09-21 16:20:44 [INFO] Backup completed. Saved: 0, Failed: 0
